------------------------------------------------------------
Timing Analyzer Summary
------------------------------------------------------------

Type  : Slow 1200mV 85C Model Setup 'MCLK'
Slack : -1.518
TNS   : -1.767

Type  : Slow 1200mV 85C Model Hold 'MCLK'
Slack : 0.331
TNS   : 0.000

Type  : Slow 1200mV 85C Model Minimum Pulse Width 'MCLK'
Slack : -3.000
TNS   : -10.332

Type  : Slow 1200mV 85C Model Minimum Pulse Width 'KeyControl:kcontrol|CurrentState.STATE_SAVING'
Slack : -1.222
TNS   : -2.444

Type  : Slow 1200mV 0C Model Setup 'MCLK'
Slack : -1.238
TNS   : -1.419

Type  : Slow 1200mV 0C Model Hold 'MCLK'
Slack : 0.299
TNS   : 0.000

Type  : Slow 1200mV 0C Model Minimum Pulse Width 'MCLK'
Slack : -3.000
TNS   : -10.332

Type  : Slow 1200mV 0C Model Minimum Pulse Width 'KeyControl:kcontrol|CurrentState.STATE_SAVING'
Slack : -1.222
TNS   : -2.444

Type  : Fast 1200mV 0C Model Setup 'MCLK'
Slack : -0.553
TNS   : -0.553

Type  : Fast 1200mV 0C Model Hold 'MCLK'
Slack : 0.151
TNS   : 0.000

Type  : Fast 1200mV 0C Model Minimum Pulse Width 'MCLK'
Slack : -3.000
TNS   : -9.250

Type  : Fast 1200mV 0C Model Minimum Pulse Width 'KeyControl:kcontrol|CurrentState.STATE_SAVING'
Slack : -1.000
TNS   : -2.000

------------------------------------------------------------
